<html>
<body>
<pre>
<h1>µVision Build Log</h1>
<h2>Tool Versions:</h2>
IDE-Version: µVision V5.17.0.0
Copyright (C) 2015 ARM Ltd and ARM Germany GmbH. All rights reserved.
License Information: Jure Valjavec, Home, LIC=----
 
Tool Versions:
Toolchain:       MDK-Lite  Version: 5.17
Toolchain Path:  C:\Keil_v5\ARM\ARMCC\Bin
C Compiler:      Armcc.exe V5.06 update 1 (build 61)
Assembler:       Armasm.exe V5.06 update 1 (build 61)
Linker/Locator:  ArmLink.exe V5.06 update 1 (build 61)
Library Manager: ArmAr.exe V5.06 update 1 (build 61)
Hex Converter:   FromElf.exe V5.06 update 1 (build 61)
CPU DLL:         SARMCM3.DLL V5.17
Dialog DLL:      DARMCM1.DLL V1.12.0.0
Target DLL:      CMSIS_AGDI.dll V1.23.1.0
Dialog DLL:      TARMCM1.DLL V1.9.0.0
 
<h2>Project:</h2>
W:\Trener_projekt_KeiluVision\Merilnik_gibanja.uvprojx
Project File Date:  04/06/2016

<h2>Output:</h2>
*** Using Compiler 'V5.06 update 1 (build 61)', folder: 'C:\Keil_v5\ARM\ARMCC\Bin'
Rebuild target 'SamD20J18'
compiling gpio.c...
gpio.c(114): warning:  #1-D: last line of file ends without a newline
  }
gpio.c: 1 warning, 0 errors
compiling clock.c...
compiling main.c...
main.h(11): warning:  #1-D: last line of file ends without a newline
  #endif /*_MAIN_H_*/
hr_timer.h(17): warning:  #1-D: last line of file ends without a newline
  #endif /* __HR_TIMER_H__ */
main.c(39): warning:  #188-D: enumerated type mixed with another type
  	NVIC_DisableIRQ(4);
main.c(42): warning:  #188-D: enumerated type mixed with another type
  	NVIC_EnableIRQ(4);
main.c(26): warning:  #177-D: function "Delay" was declared but never referenced
  static void Delay (UINT32 dlyTicks)
main.c: 5 warnings, 0 errors
assembling startup_SAMD20.s...
compiling trp868_uart.c...
compiling hr_timer.c...
hr_timer.h(17): warning:  #1-D: last line of file ends without a newline
  #endif /* __HR_TIMER_H__ */
hr_timer.c: 1 warning, 0 errors
compiling system_samd20.c...
linking...
Program Size: Code=1128 RO-data=196 RW-data=8 ZI-data=608  
".\Objects\Merilnik_gibanja.axf" - 0 Error(s), 7 Warning(s).

<h2>Software Packages used:</h2>

Package Vendor: ARM
                http://www.keil.com/pack/ARM.CMSIS.4.5.0.pack
                ARM::CMSIS:DSP:1.4.6
                CMSIS (Cortex Microcontroller Software Interface Standard)
   * Component: DSP Version: 1.4.6
   * Component: CORE Version: 4.3.0

Package Vendor: Keil
                http://www.keil.com/pack/Keil.SAMD20_DFP.1.1.0.pack
                Keil::Device:Startup:1.0.0
                Atmel SAM D20 Series Device Support and Examples
   * Component: Startup Version: 1.0.0

<h2>Collection of Component include folders:</h2>
  W:\Trener_projekt_KeiluVision\RTE
  C:\Keil_v5\ARM\PACK\ARM\CMSIS\4.5.0\CMSIS\Include
  C:\Keil_v5\ARM\PACK\Keil\SAMD20_DFP\1.1.0\Device\SAMD20\Include

<h2>Collection of Component Files used:</h2>

   * Component: ARM::CMSIS:DSP:1.4.6
      Library file:  CMSIS\Lib\ARM\arm_cortexM0l_math.lib
      Include file:  CMSIS\Include\arm_math.h

   * Component: ARM::CMSIS:CORE:4.3.0

   * Component: Keil::Device:Startup:1.0.0
      Source file:   Device\SAMD20\Source\ARM\startup_SAMD20.s
      Source file:   Device\SAMD20\Source\system_samd20.c
Build Time Elapsed:  00:00:02
</pre>
</body>
</html>
